  Determining projects to restore...
  All projects are up-to-date for restore.
  WorkingDirectory: E:\NuRavenCorp\Wiseravenshare\Wiseravenshare\wiseravenshare.client
  ProcessStartInfo.WorkingDirectory: E:\NuRavenCorp\Wiseravenshare\Wiseravenshare\wiseravenshare.client\
C:\Program Files (x86)\Microsoft Visual Studio\Shared\NuGetPackages\microsoft.visualstudio.javascript.sdk\1.0.5171056\Sdk\Sdk.targets(293,3): warning : Creating Warning @capacitor/cli, (Package: @capacitor/assets, Severity: high) [E:\NuRavenCorp\Wiseravenshare\Wiseravenshare\wiseravenshare.client\wiseravenshare.client.esproj]
C:\Program Files (x86)\Microsoft Visual Studio\Shared\NuGetPackages\microsoft.visualstudio.javascript.sdk\1.0.5171056\Sdk\Sdk.targets(293,3): warning : Creating Warning tar, (Package: @capacitor/cli, Severity: high) [E:\NuRavenCorp\Wiseravenshare\Wiseravenshare\wiseravenshare.client\wiseravenshare.client.esproj]
C:\Program Files (x86)\Microsoft Visual Studio\Shared\NuGetPackages\microsoft.visualstudio.javascript.sdk\1.0.5171056\Sdk\Sdk.targets(293,3): warning : Creating Warning replace, (Package: @trapezedev/project, Severity: high) [E:\NuRavenCorp\Wiseravenshare\Wiseravenshare\wiseravenshare.client\wiseravenshare.client.esproj]
C:\Program Files (x86)\Microsoft Visual Studio\Shared\NuGetPackages\microsoft.visualstudio.javascript.sdk\1.0.5171056\Sdk\Sdk.targets(293,3): warning : Creating Warning minimatch has a ReDoS via repeated wildcards with non-matching literal in pattern, (Package: minimatch, Severity: high) [E:\NuRavenCorp\Wiseravenshare\Wiseravenshare\wiseravenshare.client\wiseravenshare.client.esproj]
C:\Program Files (x86)\Microsoft Visual Studio\Shared\NuGetPackages\microsoft.visualstudio.javascript.sdk\1.0.5171056\Sdk\Sdk.targets(293,3): warning : Creating Warning nanoid: custom generators can loop indefinitely when size is zero, (Package: nanoid, Severity: high) [E:\NuRavenCorp\Wiseravenshare\Wiseravenshare\wiseravenshare.client\wiseravenshare.client.esproj]
C:\Program Files (x86)\Microsoft Visual Studio\Shared\NuGetPackages\microsoft.visualstudio.javascript.sdk\1.0.5171056\Sdk\Sdk.targets(293,3): warning : Creating Warning minimatch, (Package: replace, Severity: high) [E:\NuRavenCorp\Wiseravenshare\Wiseravenshare\wiseravenshare.client\wiseravenshare.client.esproj]
C:\Program Files (x86)\Microsoft Visual Studio\Shared\NuGetPackages\microsoft.visualstudio.javascript.sdk\1.0.5171056\Sdk\Sdk.targets(293,3): warning : Creating Warning sharp inherited vulnerabilities in libvips: CVE-2026-33327, CVE-2026-33328, CVE-2026-35590, CVE-2026-35591, (Package: sharp, Severity: high) [E:\NuRavenCorp\Wiseravenshare\Wiseravenshare\wiseravenshare.client\wiseravenshare.client.esproj]
C:\Program Files (x86)\Microsoft Visual Studio\Shared\NuGetPackages\microsoft.visualstudio.javascript.sdk\1.0.5171056\Sdk\Sdk.targets(293,3): warning : Creating Warning node-tar Vulnerable to Arbitrary File Creation/Overwrite via Hardlink Path Traversal, (Package: tar, Severity: critical) [E:\NuRavenCorp\Wiseravenshare\Wiseravenshare\wiseravenshare.client\wiseravenshare.client.esproj]
C:\Program Files (x86)\Microsoft Visual Studio\Shared\NuGetPackages\microsoft.visualstudio.javascript.sdk\1.0.5171056\Sdk\Sdk.targets(293,3): warning : Creating Warning uuid: Missing buffer bounds check in v3/v5/v6 when buf is provided, (Package: uuid, Severity: moderate) [E:\NuRavenCorp\Wiseravenshare\Wiseravenshare\wiseravenshare.client\wiseravenshare.client.esproj]
C:\Program Files (x86)\Microsoft Visual Studio\Shared\NuGetPackages\microsoft.visualstudio.javascript.sdk\1.0.5171056\Sdk\Sdk.targets(293,3): warning : Creating Warning uuid, (Package: xcode, Severity: moderate) [E:\NuRavenCorp\Wiseravenshare\Wiseravenshare\wiseravenshare.client\wiseravenshare.client.esproj]
E:\NuRavenCorp\Wiseravenshare\Wiseravenshare\Wiseravenshare.Server\Entities\Comment.cs(19,21): warning CS0108: 'Comment.IsDeleted' hides inherited member 'BaseEntity.IsDeleted'. Use the new keyword if hiding was intended. [E:\NuRavenCorp\Wiseravenshare\Wiseravenshare\Wiseravenshare.Server\Wiseravenshare.Server.csproj]
E:\NuRavenCorp\Wiseravenshare\Wiseravenshare\Wiseravenshare.Server\Entities\Follow.cs(11,25): warning CS0108: 'Follow.CreatedAt' hides inherited member 'BaseEntity.CreatedAt'. Use the new keyword if hiding was intended. [E:\NuRavenCorp\Wiseravenshare\Wiseravenshare\Wiseravenshare.Server\Wiseravenshare.Server.csproj]
E:\NuRavenCorp\Wiseravenshare\Wiseravenshare\Wiseravenshare.Server\Entities\Message.cs(45,21): warning CS0108: 'Message.IsDeleted' hides inherited member 'BaseEntity.IsDeleted'. Use the new keyword if hiding was intended. [E:\NuRavenCorp\Wiseravenshare\Wiseravenshare\Wiseravenshare.Server\Wiseravenshare.Server.csproj]
E:\NuRavenCorp\Wiseravenshare\Wiseravenshare\Wiseravenshare.Server\Entities\Post.cs(23,21): warning CS0108: 'Post.IsDeleted' hides inherited member 'BaseEntity.IsDeleted'. Use the new keyword if hiding was intended. [E:\NuRavenCorp\Wiseravenshare\Wiseravenshare\Wiseravenshare.Server\Wiseravenshare.Server.csproj]
E:\NuRavenCorp\Wiseravenshare\Wiseravenshare\Wiseravenshare.Server\Entities\User.cs(30,26): warning CS0108: 'User.DeletedAt' hides inherited member 'BaseEntity.DeletedAt'. Use the new keyword if hiding was intended. [E:\NuRavenCorp\Wiseravenshare\Wiseravenshare\Wiseravenshare.Server\Wiseravenshare.Server.csproj]
E:\NuRavenCorp\Wiseravenshare\Wiseravenshare\Wiseravenshare.Server\Entities\Video.cs(98,26): warning CS0108: 'Ravensight_Video.DeletedAt' hides inherited member 'BaseEntity.DeletedAt'. Use the new keyword if hiding was intended. [E:\NuRavenCorp\Wiseravenshare\Wiseravenshare\Wiseravenshare.Server\Wiseravenshare.Server.csproj]
E:\NuRavenCorp\Wiseravenshare\Wiseravenshare\Wiseravenshare.Server\Entities\Video.cs(45,26): warning CS0108: 'Video.DeletedAt' hides inherited member 'BaseEntity.DeletedAt'. Use the new keyword if hiding was intended. [E:\NuRavenCorp\Wiseravenshare\Wiseravenshare\Wiseravenshare.Server\Wiseravenshare.Server.csproj]
E:\NuRavenCorp\Wiseravenshare\Wiseravenshare\Wiseravenshare.Server\Entities\Video.cs(158,21): warning CS0108: 'Ravensight_VideoComment.IsDeleted' hides inherited member 'BaseEntity.IsDeleted'. Use the new keyword if hiding was intended. [E:\NuRavenCorp\Wiseravenshare\Wiseravenshare\Wiseravenshare.Server\Wiseravenshare.Server.csproj]
E:\NuRavenCorp\Wiseravenshare\Wiseravenshare\Wiseravenshare.Server\Entities\Video.cs(186,21): warning CS0108: 'VideoComment.IsDeleted' hides inherited member 'BaseEntity.IsDeleted'. Use the new keyword if hiding was intended. [E:\NuRavenCorp\Wiseravenshare\Wiseravenshare\Wiseravenshare.Server\Wiseravenshare.Server.csproj]
E:\NuRavenCorp\Wiseravenshare\Wiseravenshare\Wiseravenshare.Server\DTOs\RegisterRequestDto.cs(10,23): warning CS8618: Non-nullable property 'Username' must contain a non-null value when exiting constructor. Consider adding the 'required' modifier or declaring the property as nullable. [E:\NuRavenCorp\Wiseravenshare\Wiseravenshare\Wiseravenshare.Server\Wiseravenshare.Server.csproj]
E:\NuRavenCorp\Wiseravenshare\Wiseravenshare\Wiseravenshare.Server\DTOs\RegisterRequestDto.cs(14,23): warning CS8618: Non-nullable property 'Email' must contain a non-null value when exiting constructor. Consider adding the 'required' modifier or declaring the property as nullable. [E:\NuRavenCorp\Wiseravenshare\Wiseravenshare\Wiseravenshare.Server\Wiseravenshare.Server.csproj]
E:\NuRavenCorp\Wiseravenshare\Wiseravenshare\Wiseravenshare.Server\DTOs\RegisterRequestDto.cs(20,23): warning CS8618: Non-nullable property 'Password' must contain a non-null value when exiting constructor. Consider adding the 'required' modifier or declaring the property as nullable. [E:\NuRavenCorp\Wiseravenshare\Wiseravenshare\Wiseravenshare.Server\Wiseravenshare.Server.csproj]
E:\NuRavenCorp\Wiseravenshare\Wiseravenshare\Wiseravenshare.Server\DTOs\RegisterRequestDto.cs(24,23): warning CS8618: Non-nullable property 'ConfirmPassword' must contain a non-null value when exiting constructor. Consider adding the 'required' modifier or declaring the property as nullable. [E:\NuRavenCorp\Wiseravenshare\Wiseravenshare\Wiseravenshare.Server\Wiseravenshare.Server.csproj]
E:\NuRavenCorp\Wiseravenshare\Wiseravenshare\Wiseravenshare.Server\DTOs\RegisterRequestDto.cs(26,23): warning CS8618: Non-nullable property 'FirstName' must contain a non-null value when exiting constructor. Consider adding the 'required' modifier or declaring the property as nullable. [E:\NuRavenCorp\Wiseravenshare\Wiseravenshare\Wiseravenshare.Server\Wiseravenshare.Server.csproj]
E:\NuRavenCorp\Wiseravenshare\Wiseravenshare\Wiseravenshare.Server\DTOs\RegisterRequestDto.cs(28,23): warning CS8618: Non-nullable property 'LastName' must contain a non-null value when exiting constructor. Consider adding the 'required' modifier or declaring the property as nullable. [E:\NuRavenCorp\Wiseravenshare\Wiseravenshare\Wiseravenshare.Server\Wiseravenshare.Server.csproj]
E:\NuRavenCorp\Wiseravenshare\Wiseravenshare\Wiseravenshare.Server\Models\UserModel.cs(13,23): warning CS8618: Non-nullable property 'Username' must contain a non-null value when exiting constructor. Consider adding the 'required' modifier or declaring the property as nullable. [E:\NuRavenCorp\Wiseravenshare\Wiseravenshare\Wiseravenshare.Server\Wiseravenshare.Server.csproj]
E:\NuRavenCorp\Wiseravenshare\Wiseravenshare\Wiseravenshare.Server\Models\UserModel.cs(18,23): warning CS8618: Non-nullable property 'Email' must contain a non-null value when exiting constructor. Consider adding the 'required' modifier or declaring the property as nullable. [E:\NuRavenCorp\Wiseravenshare\Wiseravenshare\Wiseravenshare.Server\Wiseravenshare.Server.csproj]
E:\NuRavenCorp\Wiseravenshare\Wiseravenshare\Wiseravenshare.Server\Models\UserModel.cs(21,23): warning CS8618: Non-nullable property 'PasswordHash' must contain a non-null value when exiting constructor. Consider adding the 'required' modifier or declaring the property as nullable. [E:\NuRavenCorp\Wiseravenshare\Wiseravenshare\Wiseravenshare.Server\Wiseravenshare.Server.csproj]
E:\NuRavenCorp\Wiseravenshare\Wiseravenshare\Wiseravenshare.Server\Models\UserModel.cs(24,23): warning CS8618: Non-nullable property 'FirstName' must contain a non-null value when exiting constructor. Consider adding the 'required' modifier or declaring the property as nullable. [E:\NuRavenCorp\Wiseravenshare\Wiseravenshare\Wiseravenshare.Server\Wiseravenshare.Server.csproj]
E:\NuRavenCorp\Wiseravenshare\Wiseravenshare\Wiseravenshare.Server\Models\UserModel.cs(27,23): warning CS8618: Non-nullable property 'LastName' must contain a non-null value when exiting constructor. Consider adding the 'required' modifier or declaring the property as nullable. [E:\NuRavenCorp\Wiseravenshare\Wiseravenshare\Wiseravenshare.Server\Wiseravenshare.Server.csproj]
E:\NuRavenCorp\Wiseravenshare\Wiseravenshare\Wiseravenshare.Server\Models\UserModel.cs(37,23): warning CS8618: Non-nullable property 'RefreshToken' must contain a non-null value when exiting constructor. Consider adding the 'required' modifier or declaring the property as nullable. [E:\NuRavenCorp\Wiseravenshare\Wiseravenshare\Wiseravenshare.Server\Wiseravenshare.Server.csproj]
E:\NuRavenCorp\Wiseravenshare\Wiseravenshare\Wiseravenshare.Server\DTOs\RefreshTokenRequestDto.cs(8,23): warning CS8618: Non-nullable property 'AccessToken' must contain a non-null value when exiting constructor. Consider adding the 'required' modifier or declaring the property as nullable. [E:\NuRavenCorp\Wiseravenshare\Wiseravenshare\Wiseravenshare.Server\Wiseravenshare.Server.csproj]
E:\NuRavenCorp\Wiseravenshare\Wiseravenshare\Wiseravenshare.Server\DTOs\RefreshTokenRequestDto.cs(11,23): warning CS8618: Non-nullable property 'RefreshToken' must contain a non-null value when exiting constructor. Consider adding the 'required' modifier or declaring the property as nullable. [E:\NuRavenCorp\Wiseravenshare\Wiseravenshare\Wiseravenshare.Server\Wiseravenshare.Server.csproj]
E:\NuRavenCorp\Wiseravenshare\Wiseravenshare\Wiseravenshare.Server\DTOs\AuthResponseDto.cs(8,23): warning CS8618: Non-nullable property 'Username' must contain a non-null value when exiting constructor. Consider adding the 'required' modifier or declaring the property as nullable. [E:\NuRavenCorp\Wiseravenshare\Wiseravenshare\Wiseravenshare.Server\Wiseravenshare.Server.csproj]
E:\NuRavenCorp\Wiseravenshare\Wiseravenshare\Wiseravenshare.Server\DTOs\AuthResponseDto.cs(9,23): warning CS8618: Non-nullable property 'Email' must contain a non-null value when exiting constructor. Consider adding the 'required' modifier or declaring the property as nullable. [E:\NuRavenCorp\Wiseravenshare\Wiseravenshare\Wiseravenshare.Server\Wiseravenshare.Server.csproj]
E:\NuRavenCorp\Wiseravenshare\Wiseravenshare\Wiseravenshare.Server\DTOs\AuthResponseDto.cs(10,23): warning CS8618: Non-nullable property 'AccessToken' must contain a non-null value when exiting constructor. Consider adding the 'required' modifier or declaring the property as nullable. [E:\NuRavenCorp\Wiseravenshare\Wiseravenshare\Wiseravenshare.Server\Wiseravenshare.Server.csproj]
E:\NuRavenCorp\Wiseravenshare\Wiseravenshare\Wiseravenshare.Server\DTOs\AuthResponseDto.cs(11,23): warning CS8618: Non-nullable property 'RefreshToken' must contain a non-null value when exiting constructor. Consider adding the 'required' modifier or declaring the property as nullable. [E:\NuRavenCorp\Wiseravenshare\Wiseravenshare\Wiseravenshare.Server\Wiseravenshare.Server.csproj]
E:\NuRavenCorp\Wiseravenshare\Wiseravenshare\Wiseravenshare.Server\DTOs\AuthResponseDto.cs(13,23): warning CS8618: Non-nullable property 'Message' must contain a non-null value when exiting constructor. Consider adding the 'required' modifier or declaring the property as nullable. [E:\NuRavenCorp\Wiseravenshare\Wiseravenshare\Wiseravenshare.Server\Wiseravenshare.Server.csproj]
E:\NuRavenCorp\Wiseravenshare\Wiseravenshare\Wiseravenshare.Server\DTOs\LoginRequestDto.cs(8,23): warning CS8618: Non-nullable property 'EmailOrUsername' must contain a non-null value when exiting constructor. Consider adding the 'required' modifier or declaring the property as nullable. [E:\NuRavenCorp\Wiseravenshare\Wiseravenshare\Wiseravenshare.Server\Wiseravenshare.Server.csproj]
E:\NuRavenCorp\Wiseravenshare\Wiseravenshare\Wiseravenshare.Server\DTOs\LoginRequestDto.cs(11,23): warning CS8618: Non-nullable property 'Password' must contain a non-null value when exiting constructor. Consider adding the 'required' modifier or declaring the property as nullable. [E:\NuRavenCorp\Wiseravenshare\Wiseravenshare\Wiseravenshare.Server\Wiseravenshare.Server.csproj]
E:\NuRavenCorp\Wiseravenshare\Wiseravenshare\Wiseravenshare.Server\Services\VideoStreamingEndpoint.cs(120,21): warning CS0219: The variable 'contentType' is assigned but its value is never used [E:\NuRavenCorp\Wiseravenshare\Wiseravenshare\Wiseravenshare.Server\Wiseravenshare.Server.csproj]
E:\NuRavenCorp\Wiseravenshare\Wiseravenshare\Wiseravenshare.Server\Program.cs(62,9): warning CS0618: 'NpgsqlConnectionStringBuilder.TrustServerCertificate' is obsolete: 'The TrustServerCertificate parameter is no longer needed and does nothing.' [E:\NuRavenCorp\Wiseravenshare\Wiseravenshare\Wiseravenshare.Server\Wiseravenshare.Server.csproj]
E:\NuRavenCorp\Wiseravenshare\Wiseravenshare\Wiseravenshare.Server\Controllers\RavensightController.cs(41,35): warning CS8601: Possible null reference assignment. [E:\NuRavenCorp\Wiseravenshare\Wiseravenshare\Wiseravenshare.Server\Wiseravenshare.Server.csproj]
E:\NuRavenCorp\Wiseravenshare\Wiseravenshare\Wiseravenshare.Server\Services\VideoLibraryStore.cs(693,13): warning CS0618: 'NpgsqlConnectionStringBuilder.TrustServerCertificate' is obsolete: 'The TrustServerCertificate parameter is no longer needed and does nothing.' [E:\NuRavenCorp\Wiseravenshare\Wiseravenshare\Wiseravenshare.Server\Wiseravenshare.Server.csproj]
E:\NuRavenCorp\Wiseravenshare\Wiseravenshare\Wiseravenshare.Server\Services\UserStore.cs(896,13): warning CS0618: 'NpgsqlConnectionStringBuilder.TrustServerCertificate' is obsolete: 'The TrustServerCertificate parameter is no longer needed and does nothing.' [E:\NuRavenCorp\Wiseravenshare\Wiseravenshare\Wiseravenshare.Server\Wiseravenshare.Server.csproj]
E:\NuRavenCorp\Wiseravenshare\Wiseravenshare\Wiseravenshare.Server\Services\Truth\TruthEngine.cs(56,46): warning CS8600: Converting null literal or possible null value to non-nullable type. [E:\NuRavenCorp\Wiseravenshare\Wiseravenshare\Wiseravenshare.Server\Wiseravenshare.Server.csproj]
E:\NuRavenCorp\Wiseravenshare\Wiseravenshare\Wiseravenshare.Server\Services\Truth\TruthEngine.cs(58,20): warning CS8603: Possible null reference return. [E:\NuRavenCorp\Wiseravenshare\Wiseravenshare\Wiseravenshare.Server\Wiseravenshare.Server.csproj]
E:\NuRavenCorp\Wiseravenshare\Wiseravenshare\Wiseravenshare.Server\Services\Truth\IKnowledgeBaseService-KnowledgeBaseService.cs(81,20): warning CS8603: Possible null reference return. [E:\NuRavenCorp\Wiseravenshare\Wiseravenshare\Wiseravenshare.Server\Wiseravenshare.Server.csproj]
E:\NuRavenCorp\Wiseravenshare\Wiseravenshare\Wiseravenshare.Server\Services\Truth\IConsensusService-ConsensusService.cs(50,46): warning CS8600: Converting null literal or possible null value to non-nullable type. [E:\NuRavenCorp\Wiseravenshare\Wiseravenshare\Wiseravenshare.Server\Wiseravenshare.Server.csproj]
E:\NuRavenCorp\Wiseravenshare\Wiseravenshare\Wiseravenshare.Server\Services\Truth\IConsensusService-ConsensusService.cs(52,20): warning CS8603: Possible null reference return. [E:\NuRavenCorp\Wiseravenshare\Wiseravenshare\Wiseravenshare.Server\Wiseravenshare.Server.csproj]
E:\NuRavenCorp\Wiseravenshare\Wiseravenshare\Wiseravenshare.Server\Controllers\FileUploadController.cs(28,35): warning CS8601: Possible null reference assignment. [E:\NuRavenCorp\Wiseravenshare\Wiseravenshare\Wiseravenshare.Server\Wiseravenshare.Server.csproj]
E:\NuRavenCorp\Wiseravenshare\Wiseravenshare\Wiseravenshare.Server\Services\RavensightMediaCatalogStore.cs(364,17): warning CS0618: 'NpgsqlConnectionStringBuilder.TrustServerCertificate' is obsolete: 'The TrustServerCertificate parameter is no longer needed and does nothing.' [E:\NuRavenCorp\Wiseravenshare\Wiseravenshare\Wiseravenshare.Server\Wiseravenshare.Server.csproj]
  Wiseravenshare.Server -> E:\NuRavenCorp\Wiseravenshare\Wiseravenshare\Wiseravenshare.Server\bin\Debug\net10.0\Wiseravenshare.Server.dll

Build succeeded.

C:\Program Files (x86)\Microsoft Visual Studio\Shared\NuGetPackages\microsoft.visualstudio.javascript.sdk\1.0.5171056\Sdk\Sdk.targets(293,3): warning : Creating Warning @capacitor/cli, (Package: @capacitor/assets, Severity: high) [E:\NuRavenCorp\Wiseravenshare\Wiseravenshare\wiseravenshare.client\wiseravenshare.client.esproj]
C:\Program Files (x86)\Microsoft Visual Studio\Shared\NuGetPackages\microsoft.visualstudio.javascript.sdk\1.0.5171056\Sdk\Sdk.targets(293,3): warning : Creating Warning tar, (Package: @capacitor/cli, Severity: high) [E:\NuRavenCorp\Wiseravenshare\Wiseravenshare\wiseravenshare.client\wiseravenshare.client.esproj]
C:\Program Files (x86)\Microsoft Visual Studio\Shared\NuGetPackages\microsoft.visualstudio.javascript.sdk\1.0.5171056\Sdk\Sdk.targets(293,3): warning : Creating Warning replace, (Package: @trapezedev/project, Severity: high) [E:\NuRavenCorp\Wiseravenshare\Wiseravenshare\wiseravenshare.client\wiseravenshare.client.esproj]
C:\Program Files (x86)\Microsoft Visual Studio\Shared\NuGetPackages\microsoft.visualstudio.javascript.sdk\1.0.5171056\Sdk\Sdk.targets(293,3): warning : Creating Warning minimatch has a ReDoS via repeated wildcards with non-matching literal in pattern, (Package: minimatch, Severity: high) [E:\NuRavenCorp\Wiseravenshare\Wiseravenshare\wiseravenshare.client\wiseravenshare.client.esproj]
C:\Program Files (x86)\Microsoft Visual Studio\Shared\NuGetPackages\microsoft.visualstudio.javascript.sdk\1.0.5171056\Sdk\Sdk.targets(293,3): warning : Creating Warning nanoid: custom generators can loop indefinitely when size is zero, (Package: nanoid, Severity: high) [E:\NuRavenCorp\Wiseravenshare\Wiseravenshare\wiseravenshare.client\wiseravenshare.client.esproj]
C:\Program Files (x86)\Microsoft Visual Studio\Shared\NuGetPackages\microsoft.visualstudio.javascript.sdk\1.0.5171056\Sdk\Sdk.targets(293,3): warning : Creating Warning minimatch, (Package: replace, Severity: high) [E:\NuRavenCorp\Wiseravenshare\Wiseravenshare\wiseravenshare.client\wiseravenshare.client.esproj]
C:\Program Files (x86)\Microsoft Visual Studio\Shared\NuGetPackages\microsoft.visualstudio.javascript.sdk\1.0.5171056\Sdk\Sdk.targets(293,3): warning : Creating Warning sharp inherited vulnerabilities in libvips: CVE-2026-33327, CVE-2026-33328, CVE-2026-35590, CVE-2026-35591, (Package: sharp, Severity: high) [E:\NuRavenCorp\Wiseravenshare\Wiseravenshare\wiseravenshare.client\wiseravenshare.client.esproj]
C:\Program Files (x86)\Microsoft Visual Studio\Shared\NuGetPackages\microsoft.visualstudio.javascript.sdk\1.0.5171056\Sdk\Sdk.targets(293,3): warning : Creating Warning node-tar Vulnerable to Arbitrary File Creation/Overwrite via Hardlink Path Traversal, (Package: tar, Severity: critical) [E:\NuRavenCorp\Wiseravenshare\Wiseravenshare\wiseravenshare.client\wiseravenshare.client.esproj]
C:\Program Files (x86)\Microsoft Visual Studio\Shared\NuGetPackages\microsoft.visualstudio.javascript.sdk\1.0.5171056\Sdk\Sdk.targets(293,3): warning : Creating Warning uuid: Missing buffer bounds check in v3/v5/v6 when buf is provided, (Package: uuid, Severity: moderate) [E:\NuRavenCorp\Wiseravenshare\Wiseravenshare\wiseravenshare.client\wiseravenshare.client.esproj]
C:\Program Files (x86)\Microsoft Visual Studio\Shared\NuGetPackages\microsoft.visualstudio.javascript.sdk\1.0.5171056\Sdk\Sdk.targets(293,3): warning : Creating Warning uuid, (Package: xcode, Severity: moderate) [E:\NuRavenCorp\Wiseravenshare\Wiseravenshare\wiseravenshare.client\wiseravenshare.client.esproj]
E:\NuRavenCorp\Wiseravenshare\Wiseravenshare\Wiseravenshare.Server\Entities\Comment.cs(19,21): warning CS0108: 'Comment.IsDeleted' hides inherited member 'BaseEntity.IsDeleted'. Use the new keyword if hiding was intended. [E:\NuRavenCorp\Wiseravenshare\Wiseravenshare\Wiseravenshare.Server\Wiseravenshare.Server.csproj]
E:\NuRavenCorp\Wiseravenshare\Wiseravenshare\Wiseravenshare.Server\Entities\Follow.cs(11,25): warning CS0108: 'Follow.CreatedAt' hides inherited member 'BaseEntity.CreatedAt'. Use the new keyword if hiding was intended. [E:\NuRavenCorp\Wiseravenshare\Wiseravenshare\Wiseravenshare.Server\Wiseravenshare.Server.csproj]
E:\NuRavenCorp\Wiseravenshare\Wiseravenshare\Wiseravenshare.Server\Entities\Message.cs(45,21): warning CS0108: 'Message.IsDeleted' hides inherited member 'BaseEntity.IsDeleted'. Use the new keyword if hiding was intended. [E:\NuRavenCorp\Wiseravenshare\Wiseravenshare\Wiseravenshare.Server\Wiseravenshare.Server.csproj]
E:\NuRavenCorp\Wiseravenshare\Wiseravenshare\Wiseravenshare.Server\Entities\Post.cs(23,21): warning CS0108: 'Post.IsDeleted' hides inherited member 'BaseEntity.IsDeleted'. Use the new keyword if hiding was intended. [E:\NuRavenCorp\Wiseravenshare\Wiseravenshare\Wiseravenshare.Server\Wiseravenshare.Server.csproj]
E:\NuRavenCorp\Wiseravenshare\Wiseravenshare\Wiseravenshare.Server\Entities\User.cs(30,26): warning CS0108: 'User.DeletedAt' hides inherited member 'BaseEntity.DeletedAt'. Use the new keyword if hiding was intended. [E:\NuRavenCorp\Wiseravenshare\Wiseravenshare\Wiseravenshare.Server\Wiseravenshare.Server.csproj]
E:\NuRavenCorp\Wiseravenshare\Wiseravenshare\Wiseravenshare.Server\Entities\Video.cs(98,26): warning CS0108: 'Ravensight_Video.DeletedAt' hides inherited member 'BaseEntity.DeletedAt'. Use the new keyword if hiding was intended. [E:\NuRavenCorp\Wiseravenshare\Wiseravenshare\Wiseravenshare.Server\Wiseravenshare.Server.csproj]
E:\NuRavenCorp\Wiseravenshare\Wiseravenshare\Wiseravenshare.Server\Entities\Video.cs(45,26): warning CS0108: 'Video.DeletedAt' hides inherited member 'BaseEntity.DeletedAt'. Use the new keyword if hiding was intended. [E:\NuRavenCorp\Wiseravenshare\Wiseravenshare\Wiseravenshare.Server\Wiseravenshare.Server.csproj]
E:\NuRavenCorp\Wiseravenshare\Wiseravenshare\Wiseravenshare.Server\Entities\Video.cs(158,21): warning CS0108: 'Ravensight_VideoComment.IsDeleted' hides inherited member 'BaseEntity.IsDeleted'. Use the new keyword if hiding was intended. [E:\NuRavenCorp\Wiseravenshare\Wiseravenshare\Wiseravenshare.Server\Wiseravenshare.Server.csproj]
E:\NuRavenCorp\Wiseravenshare\Wiseravenshare\Wiseravenshare.Server\Entities\Video.cs(186,21): warning CS0108: 'VideoComment.IsDeleted' hides inherited member 'BaseEntity.IsDeleted'. Use the new keyword if hiding was intended. [E:\NuRavenCorp\Wiseravenshare\Wiseravenshare\Wiseravenshare.Server\Wiseravenshare.Server.csproj]
E:\NuRavenCorp\Wiseravenshare\Wiseravenshare\Wiseravenshare.Server\DTOs\RegisterRequestDto.cs(10,23): warning CS8618: Non-nullable property 'Username' must contain a non-null value when exiting constructor. Consider adding the 'required' modifier or declaring the property as nullable. [E:\NuRavenCorp\Wiseravenshare\Wiseravenshare\Wiseravenshare.Server\Wiseravenshare.Server.csproj]
E:\NuRavenCorp\Wiseravenshare\Wiseravenshare\Wiseravenshare.Server\DTOs\RegisterRequestDto.cs(14,23): warning CS8618: Non-nullable property 'Email' must contain a non-null value when exiting constructor. Consider adding the 'required' modifier or declaring the property as nullable. [E:\NuRavenCorp\Wiseravenshare\Wiseravenshare\Wiseravenshare.Server\Wiseravenshare.Server.csproj]
E:\NuRavenCorp\Wiseravenshare\Wiseravenshare\Wiseravenshare.Server\DTOs\RegisterRequestDto.cs(20,23): warning CS8618: Non-nullable property 'Password' must contain a non-null value when exiting constructor. Consider adding the 'required' modifier or declaring the property as nullable. [E:\NuRavenCorp\Wiseravenshare\Wiseravenshare\Wiseravenshare.Server\Wiseravenshare.Server.csproj]
E:\NuRavenCorp\Wiseravenshare\Wiseravenshare\Wiseravenshare.Server\DTOs\RegisterRequestDto.cs(24,23): warning CS8618: Non-nullable property 'ConfirmPassword' must contain a non-null value when exiting constructor. Consider adding the 'required' modifier or declaring the property as nullable. [E:\NuRavenCorp\Wiseravenshare\Wiseravenshare\Wiseravenshare.Server\Wiseravenshare.Server.csproj]
E:\NuRavenCorp\Wiseravenshare\Wiseravenshare\Wiseravenshare.Server\DTOs\RegisterRequestDto.cs(26,23): warning CS8618: Non-nullable property 'FirstName' must contain a non-null value when exiting constructor. Consider adding the 'required' modifier or declaring the property as nullable. [E:\NuRavenCorp\Wiseravenshare\Wiseravenshare\Wiseravenshare.Server\Wiseravenshare.Server.csproj]
E:\NuRavenCorp\Wiseravenshare\Wiseravenshare\Wiseravenshare.Server\DTOs\RegisterRequestDto.cs(28,23): warning CS8618: Non-nullable property 'LastName' must contain a non-null value when exiting constructor. Consider adding the 'required' modifier or declaring the property as nullable. [E:\NuRavenCorp\Wiseravenshare\Wiseravenshare\Wiseravenshare.Server\Wiseravenshare.Server.csproj]
E:\NuRavenCorp\Wiseravenshare\Wiseravenshare\Wiseravenshare.Server\Models\UserModel.cs(13,23): warning CS8618: Non-nullable property 'Username' must contain a non-null value when exiting constructor. Consider adding the 'required' modifier or declaring the property as nullable. [E:\NuRavenCorp\Wiseravenshare\Wiseravenshare\Wiseravenshare.Server\Wiseravenshare.Server.csproj]
E:\NuRavenCorp\Wiseravenshare\Wiseravenshare\Wiseravenshare.Server\Models\UserModel.cs(18,23): warning CS8618: Non-nullable property 'Email' must contain a non-null value when exiting constructor. Consider adding the 'required' modifier or declaring the property as nullable. [E:\NuRavenCorp\Wiseravenshare\Wiseravenshare\Wiseravenshare.Server\Wiseravenshare.Server.csproj]
E:\NuRavenCorp\Wiseravenshare\Wiseravenshare\Wiseravenshare.Server\Models\UserModel.cs(21,23): warning CS8618: Non-nullable property 'PasswordHash' must contain a non-null value when exiting constructor. Consider adding the 'required' modifier or declaring the property as nullable. [E:\NuRavenCorp\Wiseravenshare\Wiseravenshare\Wiseravenshare.Server\Wiseravenshare.Server.csproj]
E:\NuRavenCorp\Wiseravenshare\Wiseravenshare\Wiseravenshare.Server\Models\UserModel.cs(24,23): warning CS8618: Non-nullable property 'FirstName' must contain a non-null value when exiting constructor. Consider adding the 'required' modifier or declaring the property as nullable. [E:\NuRavenCorp\Wiseravenshare\Wiseravenshare\Wiseravenshare.Server\Wiseravenshare.Server.csproj]
E:\NuRavenCorp\Wiseravenshare\Wiseravenshare\Wiseravenshare.Server\Models\UserModel.cs(27,23): warning CS8618: Non-nullable property 'LastName' must contain a non-null value when exiting constructor. Consider adding the 'required' modifier or declaring the property as nullable. [E:\NuRavenCorp\Wiseravenshare\Wiseravenshare\Wiseravenshare.Server\Wiseravenshare.Server.csproj]
E:\NuRavenCorp\Wiseravenshare\Wiseravenshare\Wiseravenshare.Server\Models\UserModel.cs(37,23): warning CS8618: Non-nullable property 'RefreshToken' must contain a non-null value when exiting constructor. Consider adding the 'required' modifier or declaring the property as nullable. [E:\NuRavenCorp\Wiseravenshare\Wiseravenshare\Wiseravenshare.Server\Wiseravenshare.Server.csproj]
E:\NuRavenCorp\Wiseravenshare\Wiseravenshare\Wiseravenshare.Server\DTOs\RefreshTokenRequestDto.cs(8,23): warning CS8618: Non-nullable property 'AccessToken' must contain a non-null value when exiting constructor. Consider adding the 'required' modifier or declaring the property as nullable. [E:\NuRavenCorp\Wiseravenshare\Wiseravenshare\Wiseravenshare.Server\Wiseravenshare.Server.csproj]
E:\NuRavenCorp\Wiseravenshare\Wiseravenshare\Wiseravenshare.Server\DTOs\RefreshTokenRequestDto.cs(11,23): warning CS8618: Non-nullable property 'RefreshToken' must contain a non-null value when exiting constructor. Consider adding the 'required' modifier or declaring the property as nullable. [E:\NuRavenCorp\Wiseravenshare\Wiseravenshare\Wiseravenshare.Server\Wiseravenshare.Server.csproj]
E:\NuRavenCorp\Wiseravenshare\Wiseravenshare\Wiseravenshare.Server\DTOs\AuthResponseDto.cs(8,23): warning CS8618: Non-nullable property 'Username' must contain a non-null value when exiting constructor. Consider adding the 'required' modifier or declaring the property as nullable. [E:\NuRavenCorp\Wiseravenshare\Wiseravenshare\Wiseravenshare.Server\Wiseravenshare.Server.csproj]
E:\NuRavenCorp\Wiseravenshare\Wiseravenshare\Wiseravenshare.Server\DTOs\AuthResponseDto.cs(9,23): warning CS8618: Non-nullable property 'Email' must contain a non-null value when exiting constructor. Consider adding the 'required' modifier or declaring the property as nullable. [E:\NuRavenCorp\Wiseravenshare\Wiseravenshare\Wiseravenshare.Server\Wiseravenshare.Server.csproj]
E:\NuRavenCorp\Wiseravenshare\Wiseravenshare\Wiseravenshare.Server\DTOs\AuthResponseDto.cs(10,23): warning CS8618: Non-nullable property 'AccessToken' must contain a non-null value when exiting constructor. Consider adding the 'required' modifier or declaring the property as nullable. [E:\NuRavenCorp\Wiseravenshare\Wiseravenshare\Wiseravenshare.Server\Wiseravenshare.Server.csproj]
E:\NuRavenCorp\Wiseravenshare\Wiseravenshare\Wiseravenshare.Server\DTOs\AuthResponseDto.cs(11,23): warning CS8618: Non-nullable property 'RefreshToken' must contain a non-null value when exiting constructor. Consider adding the 'required' modifier or declaring the property as nullable. [E:\NuRavenCorp\Wiseravenshare\Wiseravenshare\Wiseravenshare.Server\Wiseravenshare.Server.csproj]
E:\NuRavenCorp\Wiseravenshare\Wiseravenshare\Wiseravenshare.Server\DTOs\AuthResponseDto.cs(13,23): warning CS8618: Non-nullable property 'Message' must contain a non-null value when exiting constructor. Consider adding the 'required' modifier or declaring the property as nullable. [E:\NuRavenCorp\Wiseravenshare\Wiseravenshare\Wiseravenshare.Server\Wiseravenshare.Server.csproj]
E:\NuRavenCorp\Wiseravenshare\Wiseravenshare\Wiseravenshare.Server\DTOs\LoginRequestDto.cs(8,23): warning CS8618: Non-nullable property 'EmailOrUsername' must contain a non-null value when exiting constructor. Consider adding the 'required' modifier or declaring the property as nullable. [E:\NuRavenCorp\Wiseravenshare\Wiseravenshare\Wiseravenshare.Server\Wiseravenshare.Server.csproj]
E:\NuRavenCorp\Wiseravenshare\Wiseravenshare\Wiseravenshare.Server\DTOs\LoginRequestDto.cs(11,23): warning CS8618: Non-nullable property 'Password' must contain a non-null value when exiting constructor. Consider adding the 'required' modifier or declaring the property as nullable. [E:\NuRavenCorp\Wiseravenshare\Wiseravenshare\Wiseravenshare.Server\Wiseravenshare.Server.csproj]
E:\NuRavenCorp\Wiseravenshare\Wiseravenshare\Wiseravenshare.Server\Services\VideoStreamingEndpoint.cs(120,21): warning CS0219: The variable 'contentType' is assigned but its value is never used [E:\NuRavenCorp\Wiseravenshare\Wiseravenshare\Wiseravenshare.Server\Wiseravenshare.Server.csproj]
E:\NuRavenCorp\Wiseravenshare\Wiseravenshare\Wiseravenshare.Server\Program.cs(62,9): warning CS0618: 'NpgsqlConnectionStringBuilder.TrustServerCertificate' is obsolete: 'The TrustServerCertificate parameter is no longer needed and does nothing.' [E:\NuRavenCorp\Wiseravenshare\Wiseravenshare\Wiseravenshare.Server\Wiseravenshare.Server.csproj]
E:\NuRavenCorp\Wiseravenshare\Wiseravenshare\Wiseravenshare.Server\Controllers\RavensightController.cs(41,35): warning CS8601: Possible null reference assignment. [E:\NuRavenCorp\Wiseravenshare\Wiseravenshare\Wiseravenshare.Server\Wiseravenshare.Server.csproj]
E:\NuRavenCorp\Wiseravenshare\Wiseravenshare\Wiseravenshare.Server\Services\VideoLibraryStore.cs(693,13): warning CS0618: 'NpgsqlConnectionStringBuilder.TrustServerCertificate' is obsolete: 'The TrustServerCertificate parameter is no longer needed and does nothing.' [E:\NuRavenCorp\Wiseravenshare\Wiseravenshare\Wiseravenshare.Server\Wiseravenshare.Server.csproj]
E:\NuRavenCorp\Wiseravenshare\Wiseravenshare\Wiseravenshare.Server\Services\UserStore.cs(896,13): warning CS0618: 'NpgsqlConnectionStringBuilder.TrustServerCertificate' is obsolete: 'The TrustServerCertificate parameter is no longer needed and does nothing.' [E:\NuRavenCorp\Wiseravenshare\Wiseravenshare\Wiseravenshare.Server\Wiseravenshare.Server.csproj]
E:\NuRavenCorp\Wiseravenshare\Wiseravenshare\Wiseravenshare.Server\Services\Truth\TruthEngine.cs(56,46): warning CS8600: Converting null literal or possible null value to non-nullable type. [E:\NuRavenCorp\Wiseravenshare\Wiseravenshare\Wiseravenshare.Server\Wiseravenshare.Server.csproj]
E:\NuRavenCorp\Wiseravenshare\Wiseravenshare\Wiseravenshare.Server\Services\Truth\TruthEngine.cs(58,20): warning CS8603: Possible null reference return. [E:\NuRavenCorp\Wiseravenshare\Wiseravenshare\Wiseravenshare.Server\Wiseravenshare.Server.csproj]
E:\NuRavenCorp\Wiseravenshare\Wiseravenshare\Wiseravenshare.Server\Services\Truth\IKnowledgeBaseService-KnowledgeBaseService.cs(81,20): warning CS8603: Possible null reference return. [E:\NuRavenCorp\Wiseravenshare\Wiseravenshare\Wiseravenshare.Server\Wiseravenshare.Server.csproj]
E:\NuRavenCorp\Wiseravenshare\Wiseravenshare\Wiseravenshare.Server\Services\Truth\IConsensusService-ConsensusService.cs(50,46): warning CS8600: Converting null literal or possible null value to non-nullable type. [E:\NuRavenCorp\Wiseravenshare\Wiseravenshare\Wiseravenshare.Server\Wiseravenshare.Server.csproj]
E:\NuRavenCorp\Wiseravenshare\Wiseravenshare\Wiseravenshare.Server\Services\Truth\IConsensusService-ConsensusService.cs(52,20): warning CS8603: Possible null reference return. [E:\NuRavenCorp\Wiseravenshare\Wiseravenshare\Wiseravenshare.Server\Wiseravenshare.Server.csproj]
E:\NuRavenCorp\Wiseravenshare\Wiseravenshare\Wiseravenshare.Server\Controllers\FileUploadController.cs(28,35): warning CS8601: Possible null reference assignment. [E:\NuRavenCorp\Wiseravenshare\Wiseravenshare\Wiseravenshare.Server\Wiseravenshare.Server.csproj]
E:\NuRavenCorp\Wiseravenshare\Wiseravenshare\Wiseravenshare.Server\Services\RavensightMediaCatalogStore.cs(364,17): warning CS0618: 'NpgsqlConnectionStringBuilder.TrustServerCertificate' is obsolete: 'The TrustServerCertificate parameter is no longer needed and does nothing.' [E:\NuRavenCorp\Wiseravenshare\Wiseravenshare\Wiseravenshare.Server\Wiseravenshare.Server.csproj]
    52 Warning(s)
    0 Error(s)

Time Elapsed 00:00:03.57
